// <autogenerated/>
using System.Collections.Generic;
using System.Threading.Tasks;
using Microsoft.Azure.Functions.Worker;
using NServiceBus;
using RabbitMQ.Client.Events;

public class FunctionEndpointTrigger
{
    IFunctionEndpoint endpoint;

        public FunctionEndpointTrigger(IFunctionEndpoint endpoint)
        {
            this.endpoint = endpoint;
        }


        [Function("trigger")]
        public async Task Run(
            [RabbitMQTrigger("endpoint")] BasicDeliverEventArgs args,
            FunctionContext context)
        {
            await endpoint.Process(args, context);
        }
}